// Jest Snapshot v1, https://goo.gl/fbAQLP

exports[`PieChart should render 1`] = `
<div
  class="chart"
>
  <div
    style="overflow:visible;height:0;width:0;"
  >
    <div>
      <div
        style="width:600px;position:absolute;"
      >
        <div
          style="font-size:0.9em;"
        >
          <div
            style="display:inline-block;width:12px;height:12px;background-color:#ffffff;margin-right:8px;margin-bottom:2px;vertical-align:middle;"
          >
            
          </div>
          Series 1
        </div>
        <div
          style="font-size:0.9em;"
        >
          <div
            style="display:inline-block;width:12px;height:12px;background-color:#123456;margin-right:8px;margin-bottom:2px;vertical-align:middle;"
          >
            
          </div>
          Series 2
        </div>
      </div>
      <div
        style="margin-left:20px;"
      >
        
      </div>
    </div>
  </div>
</div>
`;

exports[`PieChart should render no data 1`] = `<Component />`;
